

Working Directory = /home/thoshith/work_riscv/scl6m/design
QoS Summary for microprocessor_pad_top
==========================================================================================
Metric                          generic         map             syn_opt         final          
==========================================================================================
Slack (ps):                    -7,321          -7,272          -6,452          -6,452
  R2R (ps):                      -554               4               0               0
  I2R (ps):                     3,812           1,928           1,924           1,924
  R2O (ps):                  no_value        no_value        no_value        no_value
  I2O (ps):                    -7,321          -7,272          -6,452          -6,452
  CG  (ps):                  no_value        no_value        no_value        no_value
TNS (ps):                    -246,776        -130,142        -112,298        -112,298
  R2R (ps):                  -133,499               0               0               0
  I2R (ps):                         0               0               0               0
  R2O (ps):                  no_value        no_value        no_value        no_value
  I2O (ps):                  -113,278        -130,142        -112,298        -112,298
  CG  (ps):                  no_value        no_value        no_value        no_value
Failing Paths:                    361              32              32              32
Cell Area:                  1,470,238       1,243,896       1,241,947       1,241,947
Total Cell Area:            1,470,238       1,243,896       1,241,947       1,241,947
Leaf Instances:                42,827          29,659          29,746          29,746
Total Instances:               42,827          29,659          29,746          29,746
Utilization (%):                 0.00            0.00            0.00            0.00
Tot. Net Length (um):        no_value        no_value        no_value        no_value
Avg. Net Length (um):        no_value        no_value        no_value        no_value
Route Overflow H (%):        no_value        no_value        no_value        no_value
Route Overflow V (%):        no_value        no_value        no_value        no_value
MBCI(%) (bits/gate) :            0.00            0.00            0.00            0.00
Norm Cong Hotspot Area:
  Max Cong:                  no_value        no_value        no_value        no_value
  Tot Cong:                  no_value        no_value        no_value        no_value
==========================================================================================
CPU  Runtime (h:m:s):        00:39:35        00:45:31        00:49:58        00:30:05
Real Runtime (h:m:s):        00:35:58        00:38:51        00:48:39        00:30:06
CPU  Elapsed (h:m:s):        00:39:47        00:55:16        00:15:15        00:15:19
Real Elapsed (h:m:s):        00:36:02        00:44:53        00:03:33        00:03:38
Memory (MB):                  2306.79         2308.46         2245.29         2245.29
==========================================================================================
==========================================================================================
Flow Settings:
==========================================================================================
Total Runtime (h:m:s): 00:03:40
Total Memory (MB):     2309.29
Executable Version:    21.19-s055_1
==========================================================================================
Total Cell Area =  Cell Area + Physical Cell Area
Total Instances =  Leaf Instances + Physical Instances


